{
  "block_height": "0",
  "block_hash": "",
  "block_timestamp": "0",
  "first_version": "0",
  "last_version": "0",
  "transactions": null
}
