[
  {
    "version": "0",
    "guid": {
      "creation_number": "2",
      "account_address": "0x1"
    },
    "sequence_number": "0",
    "type": "0x1::reconfiguration::NewEpochEvent",
    "data": {
      "epoch": "1"
    }
  }
]
