{
  "message": "Block not found by Block height(1000)",
  "error_code": "block_not_found",
  "vm_error_code": null
}
