{
  "message": "Account not found by Address(0x0) and Ledger version(0)",
  "error_code": "account_not_found",
  "vm_error_code": null
}
