{
  "message": "missing `Content-Length` header",
  "error_code": "web_framework_error",
  "vm_error_code": null
}
