{
  "version": "2",
  "hash": "",
  "state_change_hash": "",
  "event_root_hash": "",
  "state_checkpoint_hash": null,
  "gas_used": "1",
  "success": false,
  "vm_status": "Transaction Executed and Committed with Error MALFORMED",
  "accumulator_root_hash": "",
  "changes": [
    {
      "address": "0xa550c18",
      "state_key_hash": "",
      "data": {
        "type": "0x1::account::Account",
        "data": {
          "authentication_key": "0xcef8ffd1ab9017e96132df8a56b22de39a8155e1c3fc32affbbf93eb624b532a",
          "coin_register_events": {
            "counter": "0",
            "guid": {
              "id": {
                "addr": "0xa550c18",
                "creation_num": "0"
              }
            }
          },
          "rotation_capability_offer": {
            "for": {
              "vec": []
            }
          },
          "sequence_number": "1",
          "signer_capability_offer": {
            "for": {
              "vec": []
            }
          }
        }
      },
      "type": "write_resource"
    }
  ],
  "sender": "0xa550c18",
  "sequence_number": "0",
  "max_gas_amount": "2000",
  "gas_unit_price": "0",
  "expiration_timestamp_secs": "18446744073709551615",
  "payload": {
    "modules": [
      {
        "bytecode": "0xa11ceb0b030000",
        "abi": null
      }
    ],
    "type": "module_bundle_payload"
  },
  "signature": {
    "public_key": "0x14418f867a0bd6d42abb2daa50cd68a5a869ce208282481f57504f630510d0d3",
    "signature": "0x68b631ebc8f0737065731193bec7f0ff4c88501eb251b14a666e798a0c662d31be1f220a953d3ba10fc869b7cc1062b6d809555d49f89a1798db9fa9a6e4c20b",
    "type": "ed25519_signature"
  },
  "events": [],
  "timestamp": "500000",
  "type": "user_transaction"
}
