{
  "message": "request-method not allowed",
  "error_code": "web_framework_error",
  "vm_error_code": null
}
{
  "message": "request-method not allowed",
  "error_code": "web_framework_error",
  "vm_error_code": null
}
{
  "message": "request-method not allowed",
  "error_code": "web_framework_error",
  "vm_error_code": null
}
{
  "message": "request-method not allowed",
  "error_code": "web_framework_error",
  "vm_error_code": null
}
