{
  "message": "parse request payload error: expected value at line 1 column 1",
  "error_code": "web_framework_error",
  "vm_error_code": null
}
