{
  "message": "Module not found by Address(0x1), Module name(NoNoNo) and Ledger version(0)",
  "error_code": "module_not_found",
  "vm_error_code": null
}
