{
  "message": "Transaction not found by Transaction hash(0xdadfeddcca7cb6396c735e9094c76c6e4e9cb3e3ef814730693aed59bd87b31d)",
  "error_code": "transaction_not_found",
  "vm_error_code": null
}
