{
  "message": "failed to parse parameter `start`: failed to parse \"string(U64)\": Parsing u64 string \"hello\" failed, caused by error: invalid digit found in string (occurred while parsing \"optional<string(U64)>\")",
  "error_code": "web_framework_error",
  "vm_error_code": null
}
