{
  "message": "failed to parse path `txn_hash`: failed to parse \"string(HashValue)\": unable to parse HashValue",
  "error_code": "web_framework_error",
  "vm_error_code": null
}
