{
  "message": "parse request payload error: Expected input type \"TransactionPayload\", found 1234. (occurred while parsing \"UserTransactionRequestInner\") (occurred while parsing \"EncodeSubmissionRequest\")",
  "error_code": "web_framework_error",
  "vm_error_code": null
}
