{
  "message": "failed to parse path `address`: failed to parse \"string(Address)\": invalid account address \"1\"",
  "error_code": "web_framework_error",
  "vm_error_code": null
}
