{
  "message": "The given transaction is invalid: Failed to parse transaction payload: could not find entry function by 0x1::account::invalid",
  "error_code": "invalid_input",
  "vm_error_code": null
}
