{
  "message": "Resource not found by Address(0x1), Struct tag(0x9::Reconfiguration::Configuration) and Ledger version(0)",
  "error_code": "resource_not_found",
  "vm_error_code": null
}
