{
  "message": "the `Content-Type` requested by the client is not supported: invalid",
  "error_code": "web_framework_error",
  "vm_error_code": null
}
