{
  "message": "Transaction entry function module invalid: invalid Move module name: coin::coin",
  "error_code": "invalid_input",
  "vm_error_code": null
}
