{
  "message": "Ledger version not found by Ledger version(100000000)",
  "error_code": "version_not_found",
  "vm_error_code": null
}
